TeamName:                      Rank: 1                    KillScore: 0                    RankScore: 0                    TotalScore: 0                   
NAME: TSG-ICONIC30         ID: 832623998            KILL: 5                   
NAME: TSG-LEGEND2I         ID: 212425313            KILL: 4                   
NAME: TSG-NOVAﾠ            ID: 7903668365           KILL: 3                   
NAME: TSG-ADDYY17          ID: 1704485653           KILL: 6                   
TeamName:                      Rank: 2                    KillScore: 0                    RankScore: 0                    TotalScore: 0                   
NAME: CTZ×STEVE19          ID: 503039951            KILL: 4                   
NAME: CTZ×S4IF24           ID: 2323297341           KILL: 1                   
NAME: SAKSHMMㅤGOD         ID: 2104644627           KILL: 1                   
NAME: RAGHAVv.01!          ID: 3573182434           KILL: 0                   
TeamName:                      Rank: 3                    KillScore: 0                    RankScore: 0                    TotalScore: 0                   
NAME: NG.WhtGhost~         ID: 1660289685           KILL: 2                   
NAME: NG.GOPUUU!           ID: 1256696063           KILL: 6                   
NAME: NG.ANUBHAV           ID: 2878141764           KILL: 4                   
NAME: Wildfox17ㅤ           ID: 1031802181           KILL: 5                   
TeamName:                      Rank: 4                    KillScore: 0                    RankScore: 0                    TotalScore: 0                   
NAME: NebulaSWARUP         ID: 422032504            KILL: 3                   
NAME: Jarvisx16            ID: 1765441725           KILL: 4                   
NAME: NebulaPATLU          ID: 1477488575           KILL: 1                   
NAME: NebulaT1GER          ID: 561820052            KILL: 1                   
TeamName:                      Rank: 5                    KillScore: 0                    RankScore: 0                    TotalScore: 0                   
NAME: TAG.KDgod            ID: 744890027            KILL: 5                   
NAME: TAG.LOUISx5          ID: 705957756            KILL: 5                   
NAME: TAG.SAHILL7          ID: 1193629132           KILL: 2                   
NAME: TAG.SHOTO17          ID: 2241318077           KILL: 3                   
TeamName:                      Rank: 6                    KillScore: 0                    RankScore: 0                    TotalScore: 0                   
NAME: EGG.45              ID: 2657580032           KILL: 2                   
NAME: Rʏɴᴏx.14             ID: 1858598719           KILL: 2                   
NAME: NMR-SIDARTH          ID: 298996724            KILL: 0                   
NAME: AVIJIT.10!           ID: 6591072637           KILL: 3                   
TeamName:                      Rank: 7                    KillScore: 0                    RankScore: 0                    TotalScore: 0                   
NAME: BullZx74             ID: 5858216186           KILL: 0                   
NAME: WSQ.RUDRA21!         ID: 1781238334           KILL: 3                   
NAME: WSQ.AdityaX1         ID: 1197219535           KILL: 0                   
NAME: WSQ.WSPARK           ID: 1806208893           KILL: 2                   
TeamName:                      Rank: 8                    KillScore: 0                    RankScore: 0                    TotalScore: 0                   
NAME: ㅤASIN.ASHㅤ           ID: 654684403            KILL: 1                   
NAME: ASIN.KARMA1          ID: 1700909824           KILL: 0                   
NAME: HEADSHOTx249         ID: 1862899415           KILL: 3                   
NAME: ﾠLevelupKKj          ID: 3226488785           KILL: 0                   
TeamName:                      Rank: 9                    KillScore: 0                    RankScore: 0                    TotalScore: 0                   
NAME: MOKHRIA05            ID: 387303627            KILL: 2                   
NAME: Vansh.exe?          ID: 2396008443           KILL: 2                   
NAME: Arup`Sarkar7         ID: 306543198            KILL: 1                   
NAME: Fozy.PARADOX         ID: 1233837035           KILL: 3                   
TeamName:                      Rank: 10                   KillScore: 0                    RankScore: 0                    TotalScore: 0                   
NAME: ITGURLㅤ              ID: 1690728125           KILL: 4                   
NAME: ShankuuU•17          ID: 190343125            KILL: 2                   
NAME: INSANEㅤFF!          ID: 416930367            KILL: 1                   
NAME: GRP.SAHIL            ID: 1158742694           KILL: 5                   
TeamName:                      Rank: 11                   KillScore: 0                    RankScore: 0                    TotalScore: 0                   
NAME: 4ENDS.BELUGA         ID: 1627643342           KILL: 2                   
NAME: Anshu26!             ID: 824076458            KILL: 1                   
NAME: Piyushh17!           ID: 905014626            KILL: 0                   
NAME: HNE-YAGO.18          ID: 2328789067           KILL: 0                   
TeamName:                      Rank: 12                   KillScore: 0                    RankScore: 0                    TotalScore: 0                   
NAME: TE.PawDiii!ㅤ         ID: 147098967            KILL: 0                   
NAME: TE.iconic 01         ID: 100179895            KILL: 0                   
NAME: Kishuuuu.16          ID: 1749782344           KILL: 0                   
NAME: iQOO.OGJOH4N         ID: 1076904135           KILL: 0                   
